	Command being timed: "LINKS -f simulated_contigs.fa -s reads.fof -d 1000,2000,3000,4000,5000,6000,7000,8000,9000,10000,12000,14000,16000,18000,20000 -b installation_test"
	User time (seconds): 14.15
	System time (seconds): 1.98
	Percent of CPU this job got: 114%
	Elapsed (wall clock) time (h:mm:ss or m:ss): 0:14.15
	Average shared text size (kbytes): 0
	Average unshared data size (kbytes): 0
	Average stack size (kbytes): 0
	Average total size (kbytes): 0
	Maximum resident set size (kbytes): 948812
	Average resident set size (kbytes): 0
	Major (requiring I/O) page faults: 0
	Minor (reclaiming a frame) page faults: 892924
	Voluntary context switches: 2086
	Involuntary context switches: 301
	Swaps: 0
	File system inputs: 0
	File system outputs: 4312
	Socket messages sent: 0
	Socket messages received: 0
	Signals delivered: 0
	Page size (bytes): 4096
	Exit status: 0
